<html>
<body>
<pre>
<h1>µVision Build Log</h1>
<h2>Project:</h2>
F:\git_repository\user\Quadcopter.uvproj
Project File Date:  04/02/2014

<h2>Output:</h2>
Build target 'Target 1'
linking...
Program Size: Code=7116 RO-data=336 RW-data=104 ZI-data=19240  
FromELF: creating hex file...
"Quadcopter.axf" - 0 Error(s), 0 Warning(s).
Build target 'Target 1'
compiling main.c...
..\init\main.c(48): warning:  #223-D: function "nvicInit" declared implicitly
..\init\main.c(60): warning:  #111-D: statement is unreachable
compiling usec_time.c...
..\hal\interface\usec_time.h(37): error:  #20: identifier "uint64_t" is undefined
..\hal\src\usec_time.c(39): error:  #268: declaration may not appear after executable statement in block
..\hal\src\usec_time.c(40): error:  #268: declaration may not appear after executable statement in block
..\hal\src\usec_time.c(67): warning:  #223-D: function "__atomic_load" declared implicitly
..\hal\src\usec_time.c(67): error:  #20: identifier "__ATOMIC_SEQ_CST" is undefined
..\hal\src\usec_time.c(68): error:  #268: declaration may not appear after executable statement in block
..\hal\src\usec_time.c(69): error:  #268: declaration may not appear after executable statement in block
Target not created
Build target 'Target 1'
compiling main.c...
..\hal\interface\usec_time.h(37): error:  #20: identifier "u64" is undefined
..\init\main.c(48): warning:  #223-D: function "nvicInit" declared implicitly
..\init\main.c(60): warning:  #111-D: statement is unreachable
compiling usec_time.c...
..\hal\interface\usec_time.h(37): error:  #20: identifier "u64" is undefined
Target not created
Build target 'Target 1'
compiling main.c...
..\init\main.c(48): warning:  #223-D: function "nvicInit" declared implicitly
..\init\main.c(60): warning:  #111-D: statement is unreachable
compiling usec_time.c...
linking...
Program Size: Code=10900 RO-data=336 RW-data=108 ZI-data=19244  
FromELF: creating hex file...
"Quadcopter.axf" - 0 Error(s), 2 Warning(s).
Build target 'Target 1'
compiling main.c...
..\init\main.c(61): warning:  #111-D: statement is unreachable
linking...
Program Size: Code=10900 RO-data=336 RW-data=108 ZI-data=19244  
FromELF: creating hex file...
"Quadcopter.axf" - 0 Error(s), 1 Warning(s).
Build target 'Target 1'
linking...
Program Size: Code=10900 RO-data=336 RW-data=108 ZI-data=19244  
FromELF: creating hex file...
"Quadcopter.axf" - 0 Error(s), 0 Warning(s).
Load "F:\\git_repository\\user\\Quadcopter.AXF" 
Set JLink Project File to "F:\git_repository\user\JLinkSettings.ini"
* JLink Info: Device "STM32F103RC" selected (256 KB flash, 48 KB RAM).
 
JLink info:
------------
DLL: V4.54a, compiled Sep 17 2012 15:58:45
Firmware: J-Link ARM V8 compiled Nov 14 2012 22:34:52
Hardware: V8.00
S/N : 20100213 
Feature(s) : RDI,FlashDL,FlashBP,JFlash,GDBFULL 
 
* JLink Info: Could not measure total IR len. TDO is constant high.
* JLink Info: STM32F1xxx: Can not attach to CPU. Trying connect under reset.
* JLink Info: Could not measure total IR len. TDO is constant high.
Load "F:\\git_repository\\user\\Quadcopter.AXF" 
Set JLink Project File to "F:\git_repository\user\JLinkSettings.ini"
* JLink Info: Device "STM32F103RC" selected (256 KB flash, 48 KB RAM).
 
JLink info:
------------
DLL: V4.54a, compiled Sep 17 2012 15:58:45
Firmware: J-Link ARM V8 compiled Nov 14 2012 22:34:52
Hardware: V8.00
S/N : 20100213 
Feature(s) : RDI,FlashDL,FlashBP,JFlash,GDBFULL 
 
* JLink Info: Could not measure total IR len. TDO is constant high.
* JLink Info: STM32F1xxx: Can not attach to CPU. Trying connect under reset.
* JLink Info: Could not measure total IR len. TDO is constant high.
Load "F:\\git_repository\\user\\Quadcopter.AXF" 
Set JLink Project File to "F:\git_repository\user\JLinkSettings.ini"
* JLink Info: Device "STM32F103RC" selected (256 KB flash, 48 KB RAM).
 
JLink info:
------------
DLL: V4.54a, compiled Sep 17 2012 15:58:45
Firmware: J-Link ARM V8 compiled Nov 14 2012 22:34:52
Hardware: V8.00
S/N : 20100213 
Feature(s) : RDI,FlashDL,FlashBP,JFlash,GDBFULL 
 
* JLink Info: Could not measure total IR len. TDO is constant high.
* JLink Info: STM32F1xxx: Can not attach to CPU. Trying connect under reset.
* JLink Info: Could not measure total IR len. TDO is constant high.
Load "F:\\git_repository\\user\\Quadcopter.AXF" 
Set JLink Project File to "F:\git_repository\user\JLinkSettings.ini"
* JLink Info: Device "STM32F103RC" selected (256 KB flash, 48 KB RAM).
 
JLink info:
------------
DLL: V4.54a, compiled Sep 17 2012 15:58:45
Firmware: J-Link ARM V8 compiled Nov 14 2012 22:34:52
Hardware: V8.00
S/N : 20100213 
Feature(s) : RDI,FlashDL,FlashBP,JFlash,GDBFULL 
 
* JLink Info: Could not measure total IR len. TDO is constant high.
* JLink Info: STM32F1xxx: Can not attach to CPU. Trying connect under reset.
* JLink Info: Could not measure total IR len. TDO is constant high.
Load "F:\\git_repository\\user\\Quadcopter.AXF" 
Set JLink Project File to "F:\git_repository\user\JLinkSettings.ini"
* JLink Info: Device "STM32F103RC" selected (256 KB flash, 48 KB RAM).
 
JLink info:
------------
DLL: V4.54a, compiled Sep 17 2012 15:58:45
Firmware: J-Link ARM V8 compiled Nov 14 2012 22:34:52
Hardware: V8.00
S/N : 20100213 
Feature(s) : RDI,FlashDL,FlashBP,JFlash,GDBFULL 
 
* JLink Info: Could not measure total IR len. TDO is constant high.
* JLink Info: STM32F1xxx: Can not attach to CPU. Trying connect under reset.
* JLink Info: Could not measure total IR len. TDO is constant high.
Load "F:\\git_repository\\user\\Quadcopter.AXF" 
Set JLink Project File to "F:\git_repository\user\JLinkSettings.ini"
* JLink Info: Device "STM32F103RC" selected (256 KB flash, 48 KB RAM).
 
JLink info:
------------
DLL: V4.54a, compiled Sep 17 2012 15:58:45
Firmware: J-Link ARM V8 compiled Nov 14 2012 22:34:52
Hardware: V8.00
S/N : 20100213 
Feature(s) : RDI,FlashDL,FlashBP,JFlash,GDBFULL 
 
* JLink Info: Could not measure total IR len. TDO is constant high.
* JLink Info: STM32F1xxx: Can not attach to CPU. Trying connect under reset.
* JLink Info: Could not measure total IR len. TDO is constant high.
Load "F:\\git_repository\\user\\Quadcopter.AXF" 
Internal DLL Error
Load "F:\\git_repository\\user\\Quadcopter.AXF" 
Internal DLL Error
Load "F:\\git_repository\\user\\Quadcopter.AXF" 
Internal DLL Error
Load "F:\\git_repository\\user\\Quadcopter.AXF" 
Set JLink Project File to "F:\git_repository\user\JLinkSettings.ini"
* JLink Info: Device "STM32F103RC" selected (256 KB flash, 48 KB RAM).
 
JLink info:
------------
DLL: V4.54a, compiled Sep 17 2012 15:58:45
Firmware: J-Link ARM V8 compiled Nov 14 2012 22:34:52
Hardware: V8.00
S/N : 20100213 
Feature(s) : RDI,FlashDL,FlashBP,JFlash,GDBFULL 
 
* JLink Info: STM32F1xxx: Can not attach to CPU. Trying connect under reset.
Load "F:\\git_repository\\user\\Quadcopter.AXF" 
Set JLink Project File to "F:\git_repository\user\JLinkSettings.ini"
* JLink Info: Device "STM32F103RC" selected (256 KB flash, 48 KB RAM).
 
JLink info:
------------
DLL: V4.54a, compiled Sep 17 2012 15:58:45
Firmware: J-Link ARM V8 compiled Nov 14 2012 22:34:52
Hardware: V8.00
S/N : 20100213 
Feature(s) : RDI,FlashDL,FlashBP,JFlash,GDBFULL 
 
* JLink Info: Found SWD-DP with ID 0x1BA01477
* JLink Info: Found SWD-DP with ID 0x1BA01477
* JLink Info: TPIU fitted.
* JLink Info: ETM fitted.
* JLink Info: FPUnit: 6 code (BP) slots and 2 literal slots
* JLink Info: Found Cortex-M3 r1p1, Little endian.
ROMTableAddr = 0xE00FF003
 
Target info:
------------
Device: STM32F103RC
VTarget = 3.274V
State of Pins: 
TCK: 0, TDI: 1, TDO: 1, TMS: 1, TRES: 1, TRST: 1
Hardware-Breakpoints: 6
Software-Breakpoints: 8192
Watchpoints:          4
JTAG speed: 2000 kHz
 
Erase Done.
Programming Done.
Verify OK.
Application running ...
